Microsoft Windows [Version 10.0.20348.2582]
(c) Microsoft Corporation. All rights reserved.

C:\Users\admin>ping quantics.srl

Pinging quantics.srl [57.129.38.31] with 32 bytes of data:
Reply from 57.129.38.31: bytes=32 time<1ms TTL=128
Reply from 57.129.38.31: bytes=32 time<1ms TTL=128
Reply from 57.129.38.31: bytes=32 time<1ms TTL=128
Reply from 57.129.38.31: bytes=32 time<1ms TTL=128

Ping statistics for 57.129.38.31:
    Packets: Sent = 4, Received = 4, Lost = 0 (0% loss),
Approximate round trip times in milli-seconds:
    Minimum = 0ms, Maximum = 0ms, Average = 0ms

C:\Users\admin>
C:\Users\admin>Test-NetConnection -ComputerName quantics.srl -Port 443
'Test-NetConnection' is not recognized as an internal or external command,
operable program or batch file.



qui il risultato C:\Users\admin>netsh advfirewall firewall show rule name=all | findstr /i "443"
LocalPort:                            443
LocalPort:                            443
RemotePort:                           443
LocalPort:                            443
RemotePort:                           80,443
RemotePort:                           80,443
LocalPort:                            80,443
RemotePort:                           443
LocalPort:                            80,443

C:\Users\admin>

C:\Users\admin>netstat -ano | findstr :443

C:\Users\admin>

Microsoft Windows [Version 10.0.20348.2582]
(c) Microsoft Corporation. All rights reserved.
C:\Users\admin>ping quantics.srl
Pinging quantics.srl [57.129.38.31] with 32 bytes of data:
Reply from 57.129.38.31: bytes=32 time<1ms TTL=128
Reply from 57.129.38.31: bytes=32 time<1ms TTL=128
Reply from 57.129.38.31: bytes=32 time<1ms TTL=128
Reply from 57.129.38.31: bytes=32 time<1ms TTL=128

Ping statistics for 57.129.38.31:
    Packets: Sent = 4, Received = 4, Lost = 0 (0% loss),
Approximate round trip times in milli-seconds:
    Minimum = 0ms, Maximum = 0ms, Average = 0ms

C:\Users\admin>netsh advfirewall show allprofiles

Domain Profile Settings:
----------------------------------------------------------------------
State                                 OFF
Firewall Policy                       BlockInbound,AllowOutbound
LocalFirewallRules                    N/A (GPO-store only)
LocalConSecRules                      N/A (GPO-store only)
InboundUserNotification               Disable
RemoteManagement                      Disable
UnicastResponseToMulticast            Enable

Logging:
LogAllowedConnections                 Disable
LogDroppedConnections                 Disable
FileName                              %systemroot%\system32\LogFiles\Firewall\pfirewall.log
MaxFileSize                           4096


Private Profile Settings:
----------------------------------------------------------------------
State                                 OFF
Firewall Policy                       BlockInbound,AllowOutbound
LocalFirewallRules                    N/A (GPO-store only)
LocalConSecRules                      N/A (GPO-store only)
InboundUserNotification               Disable
RemoteManagement                      Disable
UnicastResponseToMulticast            Enable

Logging:
LogAllowedConnections                 Disable
LogDroppedConnections                 Disable
FileName                              %systemroot%\system32\LogFiles\Firewall\pfirewall.log
MaxFileSize                           4096


Public Profile Settings:
----------------------------------------------------------------------
State                                 OFF
Firewall Policy                       BlockInbound,AllowOutbound
LocalFirewallRules                    N/A (GPO-store only)
LocalConSecRules                      N/A (GPO-store only)
InboundUserNotification               Disable
RemoteManagement                      Disable
UnicastResponseToMulticast            Enable

Logging:
LogAllowedConnections                 Disable
LogDroppedConnections                 Disable
FileName                              %systemroot%\system32\LogFiles\Firewall\pfirewall.log
MaxFileSize                           4096

Ok.


C:\Users\admin>
C:\Users\admin>tracert quantics.srl

Tracing route to quantics.srl [57.129.38.31]
over a maximum of 30 hops:

  1    <1 ms    <1 ms    <1 ms  ns31708166 [57.129.38.31]

Trace complete.

C:\Users\admin>

no output netsh advfirewall firewall show rule name=all | findstr /i "block"

C:\Users\admin>ipconfig /allnslookup quantics.srl

Error: unrecognized or incomplete command line.

USAGE:
    ipconfig [/allcompartments] [/? | /all |
                                 /renew [adapter] | /release [adapter] |
                                 /renew6 [adapter] | /release6 [adapter] |
                                 /flushdns | /displaydns | /registerdns |
                                 /showclassid adapter |
                                 /setclassid adapter [classid] |
                                 /showclassid6 adapter |
                                 /setclassid6 adapter [classid] ]

where
    adapter             Connection name
                       (wildcard characters * and ? allowed, see examples)

    Options:
       /?               Display this help message
       /all             Display full configuration information.
       /release         Release the IPv4 address for the specified adapter.
       /release6        Release the IPv6 address for the specified adapter.
       /renew           Renew the IPv4 address for the specified adapter.
       /renew6          Renew the IPv6 address for the specified adapter.
       /flushdns        Purges the DNS Resolver cache.
       /registerdns     Refreshes all DHCP leases and re-registers DNS names
       /displaydns      Display the contents of the DNS Resolver Cache.
       /showclassid     Displays all the dhcp class IDs allowed for adapter.
       /setclassid      Modifies the dhcp class id.
       /showclassid6    Displays all the IPv6 DHCP class IDs allowed for adapter.
       /setclassid6     Modifies the IPv6 DHCP class id.


The default is to display only the IP address, subnet mask and
default gateway for each adapter bound to TCP/IP.

For Release and Renew, if no adapter name is specified, then the IP address
leases for all adapters bound to TCP/IP will be released or renewed.

For Setclassid and Setclassid6, if no ClassId is specified, then the ClassId is removed.

Examples:
    > ipconfig                       ... Show information
    > ipconfig /all                  ... Show detailed information
    > ipconfig /renew                ... renew all adapters
    > ipconfig /renew EL*            ... renew any connection that has its
                                         name starting with EL
    > ipconfig /release *Con*        ... release all matching connections,
                                         eg. "Wired Ethernet Connection 1" or
                                             "Wired Ethernet Connection 2"
    > ipconfig /allcompartments      ... Show information about all
                                         compartments
    > ipconfig /allcompartments /all ... Show detailed information about all
                                         compartments

C:\Users\admin>

C:\Users\admin>curl -v https://quantics.srl
* Host quantics.srl:443 was resolved.
* IPv6: (none)
* IPv4: 57.129.38.31
*   Trying 57.129.38.31:443...
* connect to 57.129.38.31 port 443 from 0.0.0.0 port 50147 failed: Connection refused
* Failed to connect to quantics.srl port 443 after 2024 ms: Couldn't connect to server
* Closing connection
curl: (7) Failed to connect to quantics.srl port 443 after 2024 ms: Couldn't connect to server

C:\Users\admin>